{
  "pass": 62,
  "fail": 8,
  "other": 1,
  "total_scored": 70,
  "score": 88.57,
  "min_score": 90.0,
  "meets_floor": false,
  "gate_pass": false,
  "enforce": false,
  "failures": [
    "accounts_umask_etc_bashrc",
    "accounts_umask_etc_profile",
    "configure_crypto_policy",
    "ensure_gpgcheck_local_packages",
    "file_permission_user_init_files_root",
    "network_configure_name_resolution",
    "rootfiles_configured",
    "use_pam_wheel_for_su"
  ],
  "regressions": [],
  "baseline": null,
  "openscap_line": "OpenSCAP: pass=62 fail=8 score=88.6% (target 90%)"
}
